// Jest Snapshot v1, https://goo.gl/fbAQLP

exports[`<App /> should render and match snapshot 1`] = `
<DocumentFragment>
  <div>
    <nav>
      <div
        class="MuiBox-root css-k008qs"
      >
        <div
          class="MuiBox-root css-1ilyui9"
        >
          <a
            class="MuiTypography-root MuiTypography-inherit MuiLink-root MuiLink-underlineAlways css-tgjvbr-MuiTypography-root-MuiLink-root"
            data-testid="nav-home"
            href="/"
          >
            Home
          </a>
        </div>
        <div
          class="MuiBox-root css-k008qs"
        >
          <p
            data-testid="nav-loading"
          >
            loading
          </p>
        </div>
      </div>
    </nav>
    <div>
      <input
        data-testid="ingredient-search-input"
        type="text"
        value=""
      />
      <div
        style="position: relative;"
      >
        <div
          style="position: absolute; top: 0px; left: 0px; padding: 10px; background: rgb(255, 255, 255); display: none;"
        />
      </div>
      <div
        style="margin: 10px;"
      />
    </div>
    <div
      style="display: grid; grid-template-columns: repeat(4, 1fr); column-gap: 20px;"
    />
  </div>
</DocumentFragment>
`;
