// Jest Snapshot v1, https://goo.gl/fbAQLP

exports[`<Navigation /> should not have login button when loading 1`] = `
<DocumentFragment>
  <nav>
    <ul>
      <li>
        <a
          data-testid="nav-home"
          href="/"
        >
          Home
        </a>
      </li>
      <li
        data-testid="nav-email"
      />
      <li>
        <a
          data-testid="nav-logout"
          href="#"
        >
          Logout
        </a>
      </li>
    </ul>
  </nav>
</DocumentFragment>
`;
